smash> smash> smash> smash> smash> smash> sleep 300& 5594
smash> smash> smash> smash> smash> smash: sending SIGKILL signal to 0 jobs:
