smash> smash>  pid is 5367
smash> smash>  pid is 5367
smash> smash> smash>  pid is 5367
smash> smash> smash>  pid is 5367
smash> smash> 