smash> smash> 2024-03-06 07:19:12.907866147 +0000, 2024-03-06 07:19:12.907866147 +0000
smash> smash> 2024-03-06 07:19:12.919866342 +0000, 2024-03-06 07:19:12.919866342 +0000
smash> 