smash> smash> smash> [1] sleep 10& 
smash> smash> [1] sleep 20& 
smash> smash> smash> [2] sleep 40& 
smash> smash: sending SIGKILL signal to 1 jobs:
6859: sleep 40& 
