smash> smash>  pid is 7348
smash> smash>  pid is 7348
smash> smash>  pid is 7348
smash> 