smash> smash> smash> smash: sending SIGKILL signal to 2 jobs:
7165: sleep 10000& 
7166: sleep 10000& 
