smash> smash> smash> smash> smash> smash> sleep 300& 5613
smash> smash> smash> smash> smash> smash> smash> smash> smash> smash> smash: sending SIGKILL signal to 0 jobs:
