smash> smash> smash>  pid is 7298
smash> smash: sending SIGKILL signal to 0 jobs:
