smash> submitted by Eran
smash> smash> smash> smash> [1] ./printSignals.exe & 
[2] sleep 200& 
[3] sleep 300& 
smash> signal number 9 was sent to pid 7087
smash> smash> [1] sleep 400& 
smash> smash> smash> smash> smash> smash> smash> signal number 5 was sent to pid 7195
smash> smash> [1] sleep 500& 
smash> smash: sending SIGKILL signal to 1 jobs:
7428: sleep 500& 
