smash> smash> smash> smash> smash> smash>  pid is 7308
smash>  pid is 7308
smash>  pid is 7308
smash>  pid is 7308
smash> smash> smash>  pid is 7308
smash>  pid is 7308
smash>  pid is 7308
smash>  pid is 7308
smash> smash: sending SIGKILL signal to 0 jobs:
